numStruct.type = 'all';
numStruct.labels = {''};
numStruct.sum = [];
