temp.type = 'Annotation: Fun';
temp.labels = {'fun' 'not fun'};
temp.bool = [0 0;1 1;0 0;0 0;1 1;0 0;0 0;0 0;1 0;0 0;1 1];
enrichBool{1} = temp;
temp.type = 'GO-Biological Process';
temp.labels = {'GO:0000165: MAPKKK cascade' 'GO:0000186: activation of MAPKK activity' 'GO:0000187: activation of MAPK activity' 'GO:0001525: angiogenesis' 'GO:0001655: urogenital system development' 'GO:0001659: temperature homeostasis' 'GO:0001754: eye photoreceptor cell differentiation' 'GO:0006355: regulation of transcription, DNA-dependent' 'GO:0006357: regulation of transcription from RNA polymerase II promoter' 'GO:0006468: protein phosphorylation' 'GO:0006606: protein import into nucleus' 'GO:0006629: lipid metabolic process' 'GO:0006897: endocytosis' 'GO:0006915: apoptosis' 'GO:0006917: induction of apoptosis' 'GO:0006928: cellular component movement' 'GO:0006950: response to stress' 'GO:0007015: actin filament organization' 'GO:0007049: cell cycle' 'GO:0007155: cell adhesion' 'GO:0007165: signal transduction' 'GO:0007169: transmembrane receptor protein tyrosine kinase signaling pathway' 'GO:0007173: epidermal growth factor receptor signaling pathway' 'GO:0007186: G-protein coupled receptor protein signaling pathway' 'GO:0007229: integrin-mediated signaling pathway' 'GO:0007254: JNK cascade' 'GO:0007259: JAK-STAT cascade' 'GO:0007264: small GTPase mediated signal transduction' 'GO:0007265: Ras protein signal transduction' 'GO:0007267: cell-cell signaling' 'GO:0007268: synaptic transmission' 'GO:0007399: nervous system development' 'GO:0007411: axon guidance' 'GO:0007413: axonal fasciculation' 'GO:0007596: blood coagulation' 'GO:0008283: cell proliferation' 'GO:0008284: positive regulation of cell proliferation' 'GO:0008286: insulin receptor signaling pathway' 'GO:0008543: fibroblast growth factor receptor signaling pathway' 'GO:0009267: cellular response to starvation' 'GO:0009615: response to virus' 'GO:0016310: phosphorylation' 'GO:0018108: peptidyl-tyrosine phosphorylation' 'GO:0019221: cytokine-mediated signaling pathway' 'GO:0019953: sexual reproduction' 'GO:0022038: corpus callosum development' 'GO:0030168: platelet activation' 'GO:0030301: cholesterol transport' 'GO:0030335: positive regulation of cell migration' 'GO:0030879: mammary gland development' 'GO:0031295: T cell costimulation' 'GO:0032355: response to estradiol stimulus' 'GO:0032870: cellular response to hormone stimulus' 'GO:0033628: regulation of cell adhesion mediated by integrin' 'GO:0034329: cell junction assembly' 'GO:0042157: lipoprotein metabolic process' 'GO:0042472: inner ear morphogenesis' 'GO:0042493: response to drug' 'GO:0042593: glucose homeostasis' 'GO:0042632: cholesterol homeostasis' 'GO:0042755: eating behavior' 'GO:0043066: negative regulation of apoptosis' 'GO:0043406: positive regulation of MAP kinase activity' 'GO:0045740: positive regulation of DNA replication' 'GO:0045747: positive regulation of Notch signaling pathway' 'GO:0045765: regulation of angiogenesis' 'GO:0045893: positive regulation of transcription, DNA-dependent' 'GO:0045944: positive regulation of transcription from RNA polymerase II promoter' 'GO:0046777: protein autophosphorylation' 'GO:0048010: vascular endothelial growth factor receptor signaling pathway' 'GO:0048011: nerve growth factor receptor signaling pathway' 'GO:0048013: ephrin receptor signaling pathway' 'GO:0048015: phosphatidylinositol-mediated signaling' 'GO:0048708: astrocyte differentiation' 'GO:0050679: positive regulation of epithelial cell proliferation' 'GO:0050852: T cell receptor signaling pathway' 'GO:0050878: regulation of body fluid levels' 'GO:0050900: leukocyte migration' 'GO:0050999: regulation of nitric-oxide synthase activity' 'GO:0051965: positive regulation of synapse assembly' 'GO:0055085: transmembrane transport' 'GO:0060019: radial glial cell differentiation' 'GO:0060021: palate development' 'GO:0060326: cell chemotaxis' 'GO:0060396: growth hormone receptor signaling pathway' 'GO:0060397: JAK-STAT cascade involved in growth hormone signaling pathway' 'GO:0060996: dendritic spine development' 'GO:0060997: dendritic spine morphogenesis' 'GO:0070102: interleukin-6-mediated signaling pathway' 'GO:0070372: regulation of ERK1 and ERK2 cascade' 'GO:0071679: commissural neuron axon guidance' 'GO:0090090: negative regulation of canonical Wnt receptor signaling pathway'};
temp.bool = [0 0 0 0 0 1 1 1 1 1 1 0 0 2 0 0 0 1 0 0 1 0 1 0 0 0 1 0 0 0 0 0 0 0 0 0 0 0 0 0 0 0 0 0 1 0 0 1 1 0 0 1 1 0 0 0 0 0 1 1 1 0 0 0 1 1 1 0 0 0 0 1 0 1 0 0 0 0 1 0 0 1 0 3 0 1 0 0 1 1 0 0;0 0 0 0 0 0 0 0 0 1 0 0 0 1 0 0 0 0 1 0 0 0 0 1 0 0 0 0 0 0 0 0 0 0 0 1 0 0 0 0 0 0 0 0 0 0 0 0 1 0 0 0 0 1 0 0 0 0 0 0 0 0 0 0 0 0 0 0 0 0 0 2 0 0 0 1 0 0 0 0 0 0 0 1 0 0 0 0 0 0 0 0;1 0 1 0 0 0 0 0 0 0 0 1 0 0 0 0 0 0 0 0 1 0 2 1 1 0 0 1 1 0 0 0 0 0 1 2 1 1 1 1 0 0 0 0 0 0 1 1 1 0 0 0 0 0 1 1 0 0 0 1 0 0 1 0 0 0 0 1 1 0 1 0 0 0 1 1 0 1 0 0 0 0 0 0 0 0 0 0 0 0 0 0;2 0 2 0 0 0 0 0 0 0 0 0 0 1 1 0 0 0 0 0 0 0 0 0 0 0 0 0 0 0 0 0 0 0 1 1 0 1 1 0 0 0 0 0 0 0 1 0 1 1 1 0 0 0 0 0 0 0 0 0 0 1 0 0 0 0 0 0 0 1 1 1 0 0 0 1 0 1 0 0 0 0 0 1 0 0 0 0 0 0 0 1;0 0 0 0 0 0 0 0 0 1 0 0 0 1 0 0 0 0 0 1 0 0 1 0 0 0 0 0 0 0 0 0 1 0 0 0 0 0 1 0 0 0 1 0 0 0 0 0 1 0 0 0 0 0 0 0 0 0 0 0 0 0 0 0 0 0 0 1 0 1 0 0 1 0 0 1 0 0 1 0 0 0 0 1 0 0 0 0 0 0 0 0;1 0 0 1 1 0 0 0 0 0 0 0 0 0 0 0 1 0 0 0 0 0 0 0 1 0 0 0 0 0 0 0 0 1 0 0 1 0 0 0 0 1 0 0 0 1 0 0 1 1 0 0 0 0 0 0 1 0 0 0 0 0 0 1 0 0 0 1 1 0 0 0 0 0 0 1 1 0 0 1 0 0 1 2 0 0 1 1 0 0 1 0;1 0 0 0 0 1 1 1 1 1 1 0 1 0 0 1 1 0 0 0 0 0 2 0 0 0 1 0 0 0 1 0 0 0 0 1 0 1 1 0 1 0 0 1 1 0 0 1 2 0 0 1 1 0 0 0 0 0 1 1 1 0 1 0 1 0 1 1 1 0 1 1 1 1 1 0 0 0 0 0 1 1 0 1 1 1 0 0 1 0 0 1;1 0 1 1 1 0 0 0 0 0 0 0 0 0 0 0 0 0 0 0 0 0 1 1 0 0 0 0 0 0 0 0 0 1 1 0 0 1 0 0 0 1 0 0 0 1 0 0 0 0 0 0 0 1 0 0 1 1 0 0 0 0 0 0 0 0 0 0 0 0 1 1 0 0 0 0 1 0 0 1 0 0 1 1 0 0 1 1 0 0 1 0;0 0 0 0 0 0 0 0 0 0 0 0 0 2 0 0 0 0 0 0 0 1 0 0 0 0 0 0 0 1 0 0 0 0 0 1 0 0 0 0 0 0 0 0 0 0 0 0 1 0 0 0 0 0 1 0 0 0 0 0 0 1 0 0 0 0 0 0 0 0 0 0 0 0 0 1 0 0 0 0 0 0 0 0 0 0 0 0 0 0 0 0;1 1 1 1 1 0 0 0 0 1 0 0 0 0 1 0 0 0 0 0 1 0 0 1 0 1 0 1 1 0 1 1 1 1 0 2 0 0 0 1 1 0 0 0 0 1 0 0 1 0 0 0 0 1 0 0 1 0 0 0 0 0 0 0 0 0 0 0 0 0 0 0 1 0 0 1 1 0 0 1 0 0 1 0 0 0 1 1 0 0 1 0;1 0 1 0 1 0 0 0 0 1 0 0 0 1 1 0 0 0 0 0 0 0 1 0 0 0 0 0 0 0 0 1 0 1 0 0 0 0 0 0 1 1 0 0 0 1 0 0 0 0 0 0 0 0 0 0 1 0 0 0 0 0 0 0 0 0 0 0 1 1 0 1 0 0 0 0 1 0 1 1 0 0 1 2 1 0 1 1 0 0 1 0];
enrichBool{2} = temp;
temp.type = 'GO-Cellular Component';
temp.labels = {'GO:0005576: extracellular region' 'GO:0005615: extracellular space' 'GO:0005625: soluble fraction' 'GO:0005654: nucleoplasm' 'GO:0005737: cytoplasm' 'GO:0005739: mitochondrion' 'GO:0005768: endosome' 'GO:0005829: cytosol' 'GO:0005886: plasma membrane' 'GO:0005887: integral to plasma membrane' 'GO:0005911: cell-cell junction' 'GO:0005925: focal adhesion' 'GO:0010008: endosome membrane' 'GO:0016020: membrane' 'GO:0016323: basolateral plasma membrane' 'GO:0030424: axon' 'GO:0030425: dendrite' 'GO:0030496: midbody' 'GO:0045121: membrane raft' 'GO:0070435: Shc-EGFR complex'};
temp.bool = [0 0 0 0 0 0 0 0 0 0 0 1 0 0 0 0 0 0 0 1;0 0 1 0 0 0 0 0 1 1 0 1 0 0 0 0 0 1 0 0;0 0 0 0 0 0 0 0 1 0 0 1 0 0 0 0 0 0 0 1;0 0 0 0 0 0 0 1 0 1 0 2 0 0 1 0 0 0 0 1;0 0 0 0 0 0 0 1 0 0 0 1 0 1 0 0 0 0 0 2;0 1 0 0 1 0 0 0 1 0 0 0 0 1 0 1 1 0 0 1;1 0 0 1 0 0 0 0 0 0 0 0 0 0 0 0 0 0 0 1;0 0 0 0 0 0 0 0 1 0 0 0 1 1 0 1 1 0 0 1;0 0 1 0 0 0 0 0 0 0 0 1 0 1 0 0 0 0 0 1;0 0 0 0 0 1 0 1 0 0 1 1 0 0 0 1 1 1 0 1;0 0 1 0 1 0 1 0 0 0 0 0 0 0 1 1 1 1 1 1];
enrichBool{3} = temp;
temp.type = 'GO-Molecular Function';
temp.labels = {'GO:0003677: DNA binding' 'GO:0003706: ligand-regulated transcription factor activity' 'GO:0004672: protein kinase activity' 'GO:0004713: protein tyrosine kinase activity' 'GO:0004714: transmembrane receptor protein tyrosine kinase activity' 'GO:0004871: signal transducer activity' 'GO:0004888: transmembrane signaling receptor activity' 'GO:0005005: transmembrane-ephrin receptor activity' 'GO:0005006: epidermal growth factor-activated receptor activity' 'GO:0005070: SH3/SH2 adaptor activity' 'GO:0005102: receptor binding' 'GO:0005158: insulin receptor binding' 'GO:0005198: structural molecule activity' 'GO:0005515: protein binding' 'GO:0008013: beta-catenin binding' 'GO:0008022: protein C-terminus binding' 'GO:0008134: transcription factor binding' 'GO:0019901: protein kinase binding' 'GO:0019902: phosphatase binding' 'GO:0019903: protein phosphatase binding' 'GO:0042169: SH2 domain binding' 'GO:0044212: transcription regulatory region DNA binding' 'GO:0046875: ephrin receptor binding' 'GO:0046982: protein heterodimerization activity' 'GO:0046983: protein dimerization activity'};
temp.bool = [0 1 1 0 0 1 0 0 0 0 0 0 1 0 1 0 1 1 0 0 0 1 1 0 0;0 0 1 0 0 1 0 0 0 0 0 0 0 0 0 0 0 0 0 1 0 0 1 0 0;0 0 0 0 0 0 1 0 1 0 0 0 0 0 0 0 0 0 0 2 0 0 0 1 0;0 0 0 0 0 1 0 0 0 0 1 0 0 0 0 0 0 0 0 1 0 0 0 0 0;0 0 1 0 0 1 0 0 0 0 0 0 1 0 0 0 0 0 0 0 0 0 0 0 0;0 0 0 0 0 1 0 1 0 0 0 1 0 1 1 0 0 0 0 0 0 0 1 0 0;1 1 1 1 0 0 1 0 1 1 0 0 0 0 0 1 1 0 0 1 0 1 1 1 1;0 0 0 0 1 1 0 1 0 0 0 0 0 0 0 0 0 1 0 0 1 0 0 0 0;0 0 0 0 0 0 0 0 0 0 0 0 0 1 0 0 0 0 0 1 0 0 1 0 0;0 0 0 0 0 1 0 1 0 1 0 0 0 0 1 0 0 0 1 2 1 0 0 0 1;0 0 0 1 0 1 0 1 0 0 0 0 0 0 0 1 0 0 0 0 0 0 1 0 0];
enrichBool{4} = temp;
temp.type = 'Pfam-Domain';
temp.labels = {'Pfam-B_22301' 'Pkinase' 'Pkinase_Tyr' 'SH2' 'SH3_1' 'STAT_alpha' 'STAT_bind' 'STAT_int'};
temp.bool = [0 0 0 0 1 1 1 1;0 0 0 0 0 0 0 0;0 0 0 0 0 0 0 0;0 0 0 0 0 0 0 0;0 0 1 0 0 0 0 0;0 0 0 0 1 0 0 0;0 1 0 1 0 1 1 1;0 0 0 0 0 0 0 0;0 1 0 0 0 0 0 0;0 0 0 0 0 0 0 0;1 0 0 0 0 0 0 0];
enrichBool{5} = temp;
temp.type = 'Pfam-Site';
temp.labels = {'Paxillin' 'Pfam-B_1584' 'Pkinase'};
temp.bool = [0 0 1;0 1 0;0 0 0;0 0 0;1 0 0;0 0 0;0 0 1;0 0 0;0 0 1;0 1 0;0 1 1];
enrichBool{6} = temp;
temp.type = 'Region';
temp.labels = {'Kinase Activation Loop'};
temp.bool = [1;0;0;0;0;0;0;0;0;0;1];
enrichBool{7} = temp;
temp.type = 'Scansite-Bind';
temp.labels = {'ABL1_SH2' 'CRK_SH2' 'FGR_SH2' 'FYN_SH2' 'GRB2_SH2' 'INPP5D_SH2' 'ITK_SH2' 'LCK_SH2' 'NCK1_SH2' 'PIK3R1_SH2' 'PLCG1_SH2' 'SHC1_PTB' 'SHC1_SH2' 'SRC_SH2'};
temp.bool = [0 0 0 0 0 1 0 0 0 1 1 0 0 0;0 0 1 1 0 0 0 0 0 0 0 0 1 1;0 0 0 0 1 1 0 0 0 0 0 0 0 0;0 0 0 0 0 0 1 1 0 0 0 0 0 1;0 0 0 0 0 1 0 0 0 1 0 0 0 0;1 0 0 0 0 1 0 0 0 0 0 0 1 0;0 0 0 0 0 1 0 0 0 0 0 1 0 0;1 0 0 0 0 0 0 0 0 0 0 0 0 0;0 0 0 0 0 1 0 0 0 0 0 0 0 0;0 0 0 0 0 1 0 0 0 0 0 0 0 0;1 1 0 0 0 0 1 0 1 0 0 0 1 0];
enrichBool{8} = temp;
temp.type = 'Scansite-Kinase';
temp.labels = {'ABL1_Y_kin' 'EGFR_Y_kin' 'FGR_Y_kin' 'INSR_Y_kin' 'LCK_Y_kin' 'PDGFRB_Y_kin' 'SRC_Y_kin'};
temp.bool = [0 1 0 0 0 1 0;0 1 0 0 0 0 0;0 0 1 0 0 0 0;0 0 0 1 0 0 0;0 0 0 1 1 0 0;0 0 0 0 0 0 0;1 0 0 0 0 0 0;0 0 1 0 0 0 0;1 0 0 1 1 0 1;0 2 1 0 0 0 1;0 0 0 0 0 0 0];
enrichBool{9} = temp;
temp.type = 'motif';
temp.labels = {'......Ty..P....' 'G......y.......'};
temp.bool = [0 0;0 0;0 0;0 0;0 0;0 0;0 0;0 0;0 1;0 0;1 0];
enrichBool{10} = temp;
clear temp;
